🔄 Acessando sistema...
✅ Acessando sistema realizada com sucesso.
🔄 Realizando login...
✅ Realizando login realizada com sucesso.
🔄 Esperando sistema carregar e ajustando zoom...
🔍 Zoom ajustado para 90%.
✅ Esperando sistema carregar e ajustando zoom realizada com sucesso.
🔄 Abrindo menu Tipo de Entrega...
✅ Abrindo menu Tipo de Entrega realizada com sucesso.
🔄 Clicando em Cadastrar...
✅ Clicando em Cadastrar realizada com sucesso.
🔄 Preenchendo o campo Descrição...
✅ Preenchendo o campo Descrição realizada com sucesso.
🔄 Salvando cadastro...
✅ Salvando cadastro realizada com sucesso.
🔄 Fechando modal após salvamento...
✅ Fechando modal após salvamento realizada com sucesso.
📢 ✅ Mensagem de Sucesso: Tipo de entrega salvo com sucesso
✅ Teste concluído com sucesso.
📄 Relatório salvo como: relatorio_tipo_entrega_cenario_1_20251117_151209.docx
