🔄 Acessando sistema...
✅ Acessando sistema realizada com sucesso.
🔄 Realizando login...
✅ Realizando login realizada com sucesso.
🔄 Esperando sistema carregar e ajustando zoom...
🔍 Zoom ajustado para 90%.
✅ Esperando sistema carregar e ajustando zoom realizada com sucesso.
🔄 Abrindo menu Tipo de Entrega...
✅ Abrindo menu Tipo de Entrega realizada com sucesso.
🔄 Clicando em Cadastrar...
✅ Clicando em Cadastrar realizada com sucesso.
🔄 Preenchendo o campo Descrição...
✅ Preenchendo o campo Descrição realizada com sucesso.
🔄 Cancelando cadastro...
✅ Cancelando cadastro realizada com sucesso.
🔄 Fechando modal após cancelamento...
✅ Fechando modal após cancelamento realizada com sucesso.
ℹ️ Nenhuma mensagem de alerta encontrada.
✅ Teste concluído com sucesso.
📄 Relatório salvo como: relatorio_tipo_entrega_cenario_2_20251117_151241.docx
