2025-11-13 17:46:37 ℹ️ [INFO] 🚀 Iniciando teste de Reagrupamento de Rateios
2025-11-13 17:46:40 ℹ️ [INFO] 🔄 Acessando sistema...
2025-11-13 17:46:40 ℹ️ [INFO] ✅ Acessando sistema realizada com sucesso.
2025-11-13 17:46:41 ℹ️ [INFO] 🔄 Realizando login...
2025-11-13 17:46:46 ℹ️ [INFO] ✅ Realizando login realizada com sucesso.
2025-11-13 17:46:48 ℹ️ [INFO] 🔄 Ajustando zoom e abrindo menu...
2025-11-13 17:46:48 ℹ️ [INFO] 🔍 Zoom ajustado para 90%.
2025-11-13 17:46:48 ℹ️ [INFO] ✅ Ajustando zoom e abrindo menu realizada com sucesso.
2025-11-13 17:46:49 ℹ️ [INFO] 🔄 Acessando Rateio...
2025-11-13 17:46:49 ℹ️ [INFO] ✅ Acessando Rateio realizada com sucesso.
2025-11-13 17:46:50 ℹ️ [INFO] 🔄 Clicando em Reagrupamento de Rateios...
2025-11-13 17:46:50 ℹ️ [INFO] ✅ Clicando em Reagrupamento de Rateios realizada com sucesso.
2025-11-13 17:46:56 ℹ️ [INFO] 🔄 Abrindo Lov de Grupo de Rateio Origem...
2025-11-13 17:46:56 ℹ️ [INFO] ✅ Abrindo Lov de Grupo de Rateio Origem realizada com sucesso.
2025-11-13 17:46:56 ℹ️ [INFO] 🔄 Preenchendo Grupo de Rateio...
2025-11-13 17:46:58 ℹ️ [INFO] ✅ Preenchendo Grupo de Rateio realizada com sucesso.
2025-11-13 17:46:58 ℹ️ [INFO] 🔄 Pesquisando Grupo de Rateio...
2025-11-13 17:46:58 ℹ️ [INFO] ✅ Pesquisando Grupo de Rateio realizada com sucesso.
2025-11-13 17:46:58 ℹ️ [INFO] 🔄 Selecionando Grupo de Rateio...
2025-11-13 17:46:59 ℹ️ [INFO] ✅ Selecionando Grupo de Rateio realizada com sucesso.
2025-11-13 17:46:59 ℹ️ [INFO] 🔄 Abrindo Lov de Grupo de Rateio Destino...
2025-11-13 17:47:00 ℹ️ [INFO] ✅ Abrindo Lov de Grupo de Rateio Destino realizada com sucesso.
2025-11-13 17:47:00 ℹ️ [INFO] 🔄 Preenchendo Grupo de Rateio...
2025-11-13 17:47:01 ℹ️ [INFO] ✅ Preenchendo Grupo de Rateio realizada com sucesso.
2025-11-13 17:47:01 ℹ️ [INFO] 🔄 Pesquisando Grupo de Rateio...
2025-11-13 17:47:01 ℹ️ [INFO] ✅ Pesquisando Grupo de Rateio realizada com sucesso.
2025-11-13 17:47:01 ℹ️ [INFO] 🔄 Selecionando Grupo de Rateio...
2025-11-13 17:47:02 ℹ️ [INFO] ✅ Selecionando Grupo de Rateio realizada com sucesso.
2025-11-13 17:47:02 ℹ️ [INFO] 🔄 Reagrupando Rateios (Teste de disparo)...
2025-11-13 17:47:03 ℹ️ [INFO] ✅ Reagrupando Rateios (Teste de disparo) realizada com sucesso.
2025-11-13 17:47:04 ℹ️ [INFO] 🔍 Verificando mensagens de alerta...
2025-11-13 17:47:04 ℹ️ [INFO] 📢 ⚠️ Mensagem de Alerta: Por favor, informe a quantidade de contratos que deseja reagrupar.
2025-11-13 17:47:09 ℹ️ [INFO] 🔄 Informando uma quantidade excedida de Contratos do que o Grupo de Rateio permite (Teste de disparo)...
2025-11-13 17:47:10 ℹ️ [INFO] ✅ Informando uma quantidade excedida de Contratos do que o Grupo de Rateio permite (Teste de disparo) realizada com sucesso.
2025-11-13 17:47:10 ℹ️ [INFO] ⚠️ Erro ao tirar screenshot informando uma quantidade excedida de contratos do que o grupo de rateio permite (teste de disparo): [Errno 2] No such file or directory: 'screenshots/informando uma quantidade excedida de contratos do que o grupo de rateio permite (teste de disparo).png'
2025-11-13 17:47:10 ℹ️ [INFO] 🔍 Verificando mensagens de alerta...
2025-11-13 17:47:10 ℹ️ [INFO] ℹ️ Nenhuma mensagem de alerta encontrada.
2025-11-13 17:47:15 ℹ️ [INFO] 🔄 Informando a quantidade de Contratos excedida...
2025-11-13 17:47:16 ℹ️ [INFO] ✅ Informando a quantidade de Contratos excedida realizada com sucesso.
2025-11-13 17:47:16 ℹ️ [INFO] 🔄 Reagrupando Rateios...
2025-11-13 17:47:16 ℹ️ [INFO] ✅ Reagrupando Rateios realizada com sucesso.
2025-11-13 17:47:16 ℹ️ [INFO] 🔍 Verificando mensagens de alerta...
2025-11-13 17:47:16 ℹ️ [INFO] ℹ️ Nenhuma mensagem de alerta encontrada.
2025-11-13 17:47:16 ℹ️ [INFO] 🔄 Fechando modal Rateio...
2025-11-13 17:47:16 ℹ️ [INFO] ✅ Fechando modal Rateio realizada com sucesso.
2025-11-13 17:47:17 ℹ️ [INFO] ✅ Teste concluído.
2025-11-13 17:47:17 ℹ️ [INFO] ✅ Teste executado com sucesso!
2025-11-13 17:47:17 ℹ️ [INFO] 📄 Relatório salvo como: relatorio_Reagrupamento_rateios_cenario_1_20251113_174717.docx
