2025-11-13 17:45:59 ℹ️ [INFO] 🚀 Iniciando teste de Reagrupamento de Rateios
2025-11-13 17:46:03 ℹ️ [INFO] 🔄 Acessando sistema...
2025-11-13 17:46:03 ℹ️ [INFO] ✅ Acessando sistema realizada com sucesso.
2025-11-13 17:46:04 ℹ️ [INFO] 🔄 Realizando login...
2025-11-13 17:46:10 ℹ️ [INFO] ✅ Realizando login realizada com sucesso.
2025-11-13 17:46:12 ℹ️ [INFO] 🔄 Ajustando zoom e abrindo menu...
2025-11-13 17:46:12 ℹ️ [INFO] 🔍 Zoom ajustado para 90%.
2025-11-13 17:46:12 ℹ️ [INFO] ✅ Ajustando zoom e abrindo menu realizada com sucesso.
2025-11-13 17:46:12 ℹ️ [INFO] 🔄 Acessando Rateio...
2025-11-13 17:46:13 ℹ️ [INFO] ✅ Acessando Rateio realizada com sucesso.
2025-11-13 17:46:14 ℹ️ [INFO] 🔄 Clicando em Reagrupamento de Rateios...
2025-11-13 17:46:14 ℹ️ [INFO] ✅ Clicando em Reagrupamento de Rateios realizada com sucesso.
2025-11-13 17:46:19 ℹ️ [INFO] 🔄 Abrindo Lov de Grupo de Rateio Origem...
2025-11-13 17:46:20 ℹ️ [INFO] ✅ Abrindo Lov de Grupo de Rateio Origem realizada com sucesso.
2025-11-13 17:46:20 ℹ️ [INFO] 🔄 Preenchendo Grupo de Rateio...
2025-11-13 17:46:21 ℹ️ [INFO] ✅ Preenchendo Grupo de Rateio realizada com sucesso.
2025-11-13 17:46:22 ℹ️ [INFO] 🔄 Pesquisando Grupo de Rateio...
2025-11-13 17:46:22 ℹ️ [INFO] ✅ Pesquisando Grupo de Rateio realizada com sucesso.
2025-11-13 17:46:22 ℹ️ [INFO] 🔄 Selecionando Grupo de Rateio...
2025-11-13 17:46:22 ℹ️ [INFO] ✅ Selecionando Grupo de Rateio realizada com sucesso.
2025-11-13 17:46:23 ℹ️ [INFO] 🔄 Abrindo Lov de Grupo de Rateio Destino...
2025-11-13 17:46:23 ℹ️ [INFO] ✅ Abrindo Lov de Grupo de Rateio Destino realizada com sucesso.
2025-11-13 17:46:23 ℹ️ [INFO] 🔄 Preenchendo Grupo de Rateio...
2025-11-13 17:46:25 ℹ️ [INFO] ✅ Preenchendo Grupo de Rateio realizada com sucesso.
2025-11-13 17:46:25 ℹ️ [INFO] 🔄 Pesquisando Grupo de Rateio...
2025-11-13 17:46:25 ℹ️ [INFO] ✅ Pesquisando Grupo de Rateio realizada com sucesso.
2025-11-13 17:46:25 ℹ️ [INFO] 🔄 Selecionando Grupo de Rateio...
2025-11-13 17:46:26 ℹ️ [INFO] ✅ Selecionando Grupo de Rateio realizada com sucesso.
2025-11-13 17:46:26 ℹ️ [INFO] 🔄 Informando a quantidade de Contratos para realização do Reagrupamento...
2025-11-13 17:46:28 ℹ️ [INFO] ✅ Informando a quantidade de Contratos para realização do Reagrupamento realizada com sucesso.
2025-11-13 17:46:28 ℹ️ [INFO] 🔄 Reagrupando Rateios...
2025-11-13 17:46:28 ℹ️ [INFO] ✅ Reagrupando Rateios realizada com sucesso.
2025-11-13 17:46:30 ℹ️ [INFO] 🔄 Fechando modal Rateio...
2025-11-13 17:46:30 ℹ️ [INFO] ✅ Fechando modal Rateio realizada com sucesso.
2025-11-13 17:46:30 ℹ️ [INFO] 🔍 Verificando mensagens de alerta...
2025-11-13 17:46:31 ℹ️ [INFO] 📢 ✅ Mensagem de Sucesso: Reagrupamento realizado com sucesso.
2025-11-13 17:46:31 ℹ️ [INFO] ✅ Teste concluído.
2025-11-13 17:46:31 ℹ️ [INFO] ✅ Teste executado com sucesso!
2025-11-13 17:46:31 ℹ️ [INFO] 📄 Relatório salvo como: relatorio_Reagrupamento_rateios_cenario_1_20251113_174631.docx
