🚀 Iniciando teste de Geração de Títulos Únicos
======================================================================
✅ Driver inicializado com sucesso
🔄 Acessando sistema...
✅ Acessando sistema realizada com sucesso.
🔄 Realizando login...
✅ Realizando login realizada com sucesso.
🔄 Abrindo menu (F3)...
✅ Abrindo menu (F3) realizada com sucesso.
🔄 Acessando Gestor Financeiro...
🎯 Clique forçado em: /html/body/div[15]/ul/li[2]/img
   Tentativa 1.1...
✅ Clique bem-sucedido (estratégia 1)
✅ Acessando Gestor Financeiro realizada com sucesso.
🔄 Clicando em Gerar Boleto Único...
🎯 Clique forçado em: #gsFinan > div.wdTelas > div > ul > li:nth-child(7) > a > span
   Tentativa 1.1...
✅ Clique bem-sucedido (estratégia 1)
✅ Clicando em Gerar Boleto Único realizada com sucesso.
🔄 Clicando em Buscar múltiplas vezes...
🎯 Clique forçado em: //a[@class='btModel btGray btPesquisarTitulos' and normalize-space()='Pesquisar']
   Tentativa 1.1...
✅ Clique bem-sucedido (estratégia 1)
✅ Clicando em Buscar múltiplas vezes realizada com sucesso.
🔄 Clicando em Buscar múltiplas vezes...
🎯 Clique forçado em: //a[@class='btModel btGray btPesquisarTitulos' and normalize-space()='Pesquisar']
   Tentativa 1.1...
✅ Clique bem-sucedido (estratégia 1)
✅ Clicando em Buscar múltiplas vezes realizada com sucesso.
🔄 Clicando em Buscar múltiplas vezes...
🎯 Clique forçado em: //a[@class='btModel btGray btPesquisarTitulos' and normalize-space()='Pesquisar']
   Tentativa 1.1...
✅ Clique bem-sucedido (estratégia 1)
✅ Clicando em Buscar múltiplas vezes realizada com sucesso.
🔄 Clicando em Buscar múltiplas vezes...
🎯 Clique forçado em: //a[@class='btModel btGray btPesquisarTitulos' and normalize-space()='Pesquisar']
   Tentativa 1.1...
✅ Clique bem-sucedido (estratégia 1)
✅ Clicando em Buscar múltiplas vezes realizada com sucesso.
🔄 Clicando em Buscar múltiplas vezes...
🎯 Clique forçado em: //a[@class='btModel btGray btPesquisarTitulos' and normalize-space()='Pesquisar']
   Tentativa 1.1...
✅ Clique bem-sucedido (estratégia 1)
✅ Clicando em Buscar múltiplas vezes realizada com sucesso.
🔄 Clicando em Buscar múltiplas vezes...
🎯 Clique forçado em: //a[@class='btModel btGray btPesquisarTitulos' and normalize-space()='Pesquisar']
   Tentativa 1.1...
✅ Clique bem-sucedido (estratégia 1)
✅ Clicando em Buscar múltiplas vezes realizada com sucesso.
🔍 Verificando mensagens de alerta...
📢 ⚠️ Mensagem de Alerta: Informe o lote de renovação, intervalo de contratos, alguma ordem de serviço ou alguma pessoa para pesquisar as parcelas
🎉 Teste concluído com sucesso!
======================================================================
✅ TESTE EXECUTADO COM SUCESSO!
📄 Relatório salvo: relatorio_geracao_titulos_unicos_cenario_4_20251114_165850.docx
✅ Driver encerrado
