🚀 Iniciando teste de Geração de Títulos Únicos
======================================================================
✅ Driver inicializado com sucesso
🔄 Acessando sistema...
✅ Acessando sistema realizada com sucesso.
🔄 Realizando login...
✅ Realizando login realizada com sucesso.
🔄 Abrindo menu (F3)...
✅ Abrindo menu (F3) realizada com sucesso.
🔄 Acessando Gestor Financeiro...
🎯 Clique forçado em: /html/body/div[15]/ul/li[2]/img
   Tentativa 1.1...
✅ Clique bem-sucedido (estratégia 1)
✅ Acessando Gestor Financeiro realizada com sucesso.
🔄 Clicando em Gerar Boleto Único...
🎯 Clique forçado em: #gsFinan > div.wdTelas > div > ul > li:nth-child(7) > a > span
   Tentativa 1.1...
✅ Clique bem-sucedido (estratégia 1)
✅ Clicando em Gerar Boleto Único realizada com sucesso.
🔄 Selecionando Pessoa...
🔍 Processando LOV: 'JOÃO EDUARDO JUSTINO PASCHOAL' → 'JOÃO EDUARDO JUSTINO PASCHOAL'
   Tentativa 1/5
   📌 Abrindo LOV...
🎯 Clique forçado em: (//a[@class='sprites sp-openLov'])[3]
   Tentativa 1.1...
✅ Clique bem-sucedido (estratégia 1)
   ✏️ Pesquisando: 'JOÃO EDUARDO JUSTINO PASCHOAL'
✏️ Preenchimento forçado: //input[@id='txtPesquisa'] = 'JOÃO EDUARDO JUSTINO PASCHOAL'
   Tentativa 1.1...
✅ Campo preenchido (estratégia 1)
   🔎 Executando pesquisa...
🎯 Clique forçado em: //a[contains(@class,'lpFind') and contains(normalize-space(.),'Pesquisar')]
   Tentativa 1.1...
✅ Clique bem-sucedido (estratégia 1)
   🎯 Selecionando: 'JOÃO EDUARDO JUSTINO PASCHOAL'
🎯 Clique forçado em: //tr[td[contains(normalize-space(.), 'JOÃO EDUARDO JUSTINO PASCHOAL')]]
   Tentativa 1.1...
✅ Clique bem-sucedido (estratégia 1)
✅ LOV processado com sucesso!
✅ Selecionando Pessoa realizada com sucesso.
🔄 Clicando em Buscar...
🎯 Clique forçado em: //a[@class='btModel btGray btPesquisarTitulos' and normalize-space()='Pesquisar']
   Tentativa 1.1...
✅ Clique bem-sucedido (estratégia 1)
✅ Clicando em Buscar realizada com sucesso.
🔄 Validando e selecionando título...
🔍 Validando resultado da pesquisa...
✅ 518 título(s) encontrado(s), primeiro selecionado
✅ Validando e selecionando título realizada com sucesso.
➡️ Título selecionado, prosseguindo...
🔄 Preenchendo Vencimento...
📅 Datepicker forçado: (//input[contains(@class, 'hasDatepicker')])[3] = '09/03/2026'
✅ Datepicker preenchido: '09/03/2026'
✅ Preenchendo Vencimento realizada com sucesso.
🔄 Clicando em Gerar...
🎯 Clique forçado em: //a[@class='btModel btGray btsave' and normalize-space()='Gerar']
   Tentativa 1.1...
✅ Clique bem-sucedido (estratégia 1)
✅ Clicando em Gerar realizada com sucesso.
🔄 Confirmando...
🎯 Localizando botão 'Sim' e executando clique imediato...
✅ Clique executado + overlays removidos instantaneamente
🔍 Validando retorno imediato à tela principal...
✅ Tela principal (#gsFinan) confirmada IMEDIATAMENTE
✅ Confirmando realizada com sucesso.
🔄 Fechando Gestor Financeiro...
🎯 Clique forçado em: #gsFinan > div.wdTop.ui-draggable-handle > div.wdClose > a
   Tentativa 1.1...
✅ Clique bem-sucedido (estratégia 1)
✅ Fechando Gestor Financeiro realizada com sucesso.
🔍 Verificando mensagens de alerta...
📢 ✅ Mensagem de Sucesso: Boletos únicos gerados com sucesso
🎉 Teste concluído com sucesso!
======================================================================
✅ TESTE EXECUTADO COM SUCESSO!
📄 Relatório salvo: relatorio_geracao_titulos_unicos_cenario_1_20251114_165248.docx
✅ Driver encerrado
